[www.ecured.cu/EcuRed_Enciclopedia_cubana.html]
[backblue.gif]
[fade.gif]
[index.html]
[www.ecured.cu/Skins.timeless.js]
[www.ecured.cu/load2db5.css]
[www.ecured.cu/loadcad8.php]
[www.ecured.cu/load92d7.css]
[www.ecured.cu/favicon.ico]
[www.ecured.cu/opensearch_desc.php]
[www.ecured.cu/api-result251f.xml]
[www.ecured.cu/feeda295.xml]
[www.ecured.cu/index8d60.html]
[www.ecured.cu/indexdbb2.html]
[www.ecured.cu/EcuRed_Ayuda.html]
[www.ecured.cu/EcuRed_Buscador.html]
[www.ecured.cu/EcuRed_Portal_del_colaborador.html]
[www.ecured.cu/EcuRed_Políticas_de_Moderación.html]
[www.ecured.cu/EcuRed_Artículos_de_referencia.html]
[www.ecured.cu/EcuRed_Artículos_destacados.html]
[www.ecured.cu/EcuRed_Artículos_certificados.html]
[www.ecured.cu/EcuRed_Notificar_errores.html]
[www.ecured.cu/EcuRed_Árbol_de_Categorías.html]
[www.ecured.cu/EcuRed_Plantillas_recomendadas.html]
[www.ecured.cu/Especial_CambiosRecientes.html]
[www.ecured.cu/Max_Brod.html]
[www.ecured.cu/Especial_PáginasRequeridas.html]
[www.ecured.cu/Categoría_Artículos_a_normalizar.html]
[www.ecured.cu/Categoría_Fusionar.html]
[www.ecured.cu/Especial_PáginasHuérfanas.html]
[www.ecured.cu/Especial_PáginasEspeciales.html]
[www.ecured.cu/Especial_LoQueEnlazaAquí/EcuRed_Enciclopedia_cubana.html]
[www.ecured.cu/Especial_CambiosEnEnlazadas/EcuRed_Enciclopedia_cubana.html]
[www.ecured.cu/index89eb.html]
[www.ecured.cu/index4be6.html]
[www.ecured.cu/index5edd.html]
[www.ecured.cu/Especial_Registro/EcuRed_Enciclopedia_cubana.html]
[www.ecured.cu/EcuRed_discusión_Enciclopedia_cubana.html]
[www.ecured.cu/index34ee.html]
[www.ecured.cu/indexa2f7.html]
[www.ecured.cu/1_de_septiembre.html]
[www.ecured.cu/2022.html]
[www.ecured.cu/Cuba.html]
[www.ecured.cu/COVID-19.html]
[www.ecured.cu/Archivo_Quote1.html]
[www.ecured.cu/images/5/56/Quote1.png]
[www.ecured.cu/Archivo_Quote2.html]
[www.ecured.cu/images/thumb/8/88/Quote2.png/15px-Quote2.png]
[www.ecured.cu/José_Martí.html]
[www.ecured.cu/images/thumb/7/7c/Firma-jose-marti.png/100px-Firma-jose-marti.png]
[www.ecured.cu/EcuRed_Artículos_solicitados.html]
[www.ecured.cu/images/thumb/5/5e/Artículos_solicitados.jpg/100px-Artículos_solicitados.jpg]
[www.ecured.cu/Portal_Panorama_Mundial.html]
[www.ecured.cu/Portal_Panorama_Mundial/DE_LA_PRENSA.html]
[www.ecured.cu/Portal_Panorama_Mundial/RESUMEN_SEMANAL_Y_REVISTA.html]
[www.ecured.cu/Portal_Panorama_Mundial/DE_CUBA.html]
[www.ecured.cu/Portal_Panorama_Mundial/DEL_MUNDO02.html]
[www.ecured.cu/Archivo_Cincoheroes.html]
[www.ecured.cu/images/thumb/1/1e/Cincoheroes.jpg/90px-Cincoheroes.jpg]
[www.ecured.cu/1891.html]
[www.ecured.cu/Ponce.html]
[www.ecured.cu/Puerto_Rico.html]
[www.ecured.cu/Pedro_Albízu_Campos.html]
[www.ecured.cu/1933.html]
[www.ecured.cu/Mujer.html]
[www.ecured.cu/1958.html]
[www.ecured.cu/Santiago_de_Cuba.html]
[www.ecured.cu/Daniel_Núñez_Aguiar.html]
[www.ecured.cu/1973.html]
[www.ecured.cu/Víctor_Jara.html]
[www.ecured.cu/1998.html]
[www.ecured.cu/Estados_Unidos.html]
[www.ecured.cu/Los_Cinco_Héroes.html]
[www.ecured.cu/12_de_septiembre.html]
[www.ecured.cu/Archivo_Ulysses_Grant_1870-1880.html]
[www.ecured.cu/images/thumb/d/d7/Ulysses_Grant_1870-1880.jpg/90px-Ulysses_Grant_1870-1880.jpg]
[www.ecured.cu/Anexo_Presidentes_de_los_Estados_Unidos.html]
[www.ecured.cu/Guerra_de_Secesión.html]
[www.ecured.cu/Robert_E.html]
[www.ecured.cu/Ku_Klux_Klan.html]
[www.ecured.cu/Acta_de_derechos_civiles_de_1871.html]
[www.ecured.cu/1875.html]
[www.ecured.cu/Ulysses_S.html]
[www.ecured.cu/images/thumb/e/e2/Referencia-icon.png/14px-Referencia-icon.png]
[www.ecured.cu/images/thumb/e/e2/Ok-icon-verde.png/14px-Ok-icon-verde.png]
[www.ecured.cu/images/thumb/f/f6/Referencia-icon-naranja.png/15px-Referencia-icon-naranja.png]
[www.ecured.cu/Antialérgico]
[www.ecured.cu/Manganeso.html]
[www.ecured.cu/Vitamina_B.html]
[www.ecured.cu/Sistema_Cardiovascular.html]
[www.ecured.cu/Colesterol.html]
[www.ecured.cu/Antiséptico.html]
[www.ecured.cu/Diurético.html]
[www.ecured.cu/Longevidad.html]
[www.ecured.cu/Vitamina_E.html]
[www.ecured.cu/Mal_de_Alzheimer.html]
[www.ecured.cu/Recursos/ecured-manual_de_usuario.pdf.63.delayed]
[www.ecured.cu/Lo_que_EcuRed_no_es.html]
[www.ecured.cu/images/8/8a/Pdfportada.png]
[www.ecured.cu/EcuRed_Manual_de_estilo.html]
[www.ecured.cu/EcuRed_Políticas.html]
[www.ecured.cu/EcuRed_Zona_de_prueba.html]
[www.ecured.cu/EcuRed_Fuentes_(Recomendaciones).html]
[www.ecured.cu/EcuRed_Fuentes_recomendadas.html]
[www.ecured.cu/EcuRed_No_justificar_textos_en_EcuRed.html]
[www.ecured.cu/EcuRed_Características_esenciales_de_las_Categorías.html]
[www.ecured.cu/EcuRed_Para_comenzar.html]
[www.ecured.cu/EcuRed_Convenciones_de_títulos.html]
[www.ecured.cu/EcuRed_Referencias.html]
[www.ecured.cu/EcuRed_Portátil.html]
[www.ecured.cu/Kiwix.html]
[www.ecured.cu/images/thumb/7/7b/Icon_windows_256x256px.png/40px-Icon_windows_256x256px.png]
[www.ecured.cu/images/thumb/8/8b/Tux_Portable.png/40px-Tux_Portable.png]
[www.ecured.cu/images/thumb/7/7f/Icon_android_256x300px.png/40px-Icon_android_256x300px.png]
[www.ecured.cu/images/thumb/0/02/MacOS_logo_600x600.png/40px-MacOS_logo_600x600.png]
[www.ecured.cu/images/thumb/d/df/Zim.png/60px-Zim.png]
[www.ecured.cu/ZIM]
[www.ecured.cu/EcuLibros.html]
[www.ecured.cu/images/7/79/Descarga_ecured_editor.png]
[www.ecured.cu/Ileana_Mulet.html]
[www.ecured.cu/Archivo_Una_muñeca_puede_ser_de_palo.html]
[www.ecured.cu/images/thumb/c/c8/Una_muñeca_puede_ser_de_palo.JPG/120px-Una_muñeca_puede_ser_de_palo.jpg]
[www.ecured.cu/Archivo_Jugando_a_las_casitas_con_puntadas.html]
[www.ecured.cu/images/thumb/f/f1/Jugando_a_las_casitas_con_puntadas.JPG/120px-Jugando_a_las_casitas_con_puntadas.jpg]
[www.ecured.cu/Sistema_Consejo_del_día/9.html]
[www.ecured.cu/Sistema_Consejo_del_día/11.html]
[www.ecured.cu/Portal_Convocatoria.html]
[www.ecured.cu/Archivo_CinePortales.html]
[www.ecured.cu/images/0/03/CinePortales.png]
[www.ecured.cu/Portal_Cine_Cubano.html]
[www.ecured.cu/Portal_Cócteles.html]
[www.ecured.cu/Portal_Cristianismo.html]
[www.ecured.cu/Portal_Danza.html]
[www.ecured.cu/Portal_Literatura.html]
[www.ecured.cu/Portal_Música.html]
[www.ecured.cu/Portal_Símbolos_de_la_Nación_Cubana.html]
[www.ecured.cu/Portal_Yoruba.html]
[www.ecured.cu/Archivo_Ciencia_2.html]
[www.ecured.cu/images/9/92/Ciencia_2.png]
[www.ecured.cu/Portal_Ciencia.html]
[www.ecured.cu/Portal_Colores.html]
[www.ecured.cu/Portal_Diseño_y_Animación_3D.html]
[www.ecured.cu/Portal_Informática.html]
[www.ecured.cu/Portal_Linux.html]
[www.ecured.cu/Portal_Videojuegos.html]
[www.ecured.cu/Portal_Radioaficionados_de_Cuba.html]
[www.ecured.cu/Portal_Ciencias_Médicas.html]
[www.ecured.cu/Portal_Salud_en_Cuba.html]
[www.ecured.cu/Archivo_Deporte_cubano_ícono.html]
[www.ecured.cu/images/0/09/Deporte_cubano_ícono.png]
[www.ecured.cu/Portal_Béisbol.html]
[www.ecured.cu/Portal_Deporte_en_Cuba.html]
[www.ecured.cu/Portal_Fútbol.html]
[www.ecured.cu/Portal_Industriales.html]
[www.ecured.cu/Portal_Real_Madrid.html]
[www.ecured.cu/Portal_FC_Barcelona.html]
[www.ecured.cu/Archivo_Nacion_cubana_portada.html]
[www.ecured.cu/images/4/41/Nacion_cubana_portada.png]
[www.ecured.cu/Portal_Biodiversidad_Cubana.html]
[www.ecured.cu/Portal_Cactus.html]
[www.ecured.cu/Portal_Perros.html]
[www.ecured.cu/Portal_Dinosaurios.html]
[www.ecured.cu/Portal_Gatos.html]
[www.ecured.cu/Portal_Orquídeas.html]
[www.ecured.cu/Archivo_Geography.html]
[www.ecured.cu/images/thumb/3/35/Geography.png/65px-Geography.png]
[www.ecured.cu/Portal_Países.html]
[www.ecured.cu/Portal_China.html]
[www.ecured.cu/Portal_Cuba.html]
[www.ecured.cu/Portal_Dominica.html]
[www.ecured.cu/Portal_Estados_Unidos.html]
[www.ecured.cu/Portal_Haití.html]
[www.ecured.cu/Portal_Japón.html]
[www.ecured.cu/Portal_Guantánamo.html]
[www.ecured.cu/Portal_Mayabeque.html]
[www.ecured.cu/Portal_La_Habana.html]
[www.ecured.cu/Portal_Santiago_de_Cuba.html]
[www.ecured.cu/resources/assets/poweredby_mediawiki_88x31.png]
[www.ecured.cu/EcuRed_Normativa_de_privacidad]
[www.ecured.cu/EcuRed_Acerca_de.html]
[www.ecured.cu/EcuRed_Descargo_general]
[www.google-analytics.com/analytics.js]
[www.ecured.cu/EcuRed_Enciclopedia_cubana.html]
[www.ecured.cu/Skins.timeless.html]
[www.ecured.cu/skins/Timeless/resources/images/brackets-greya507.png]
[www.ecured.cu/skins/Timeless/resources/images/pencil-grey966e.png]
[www.ecured.cu/resources/src/mediawiki.legacy/images/ajax-loader7a66.gif]
[www.ecured.cu/resources/src/mediawiki.legacy/images/spinnerc0b8.gif]
[www.ecured.cu/resources/src/mediawiki.skinning/images/external-ltrffe1.png]
[www.ecured.cu/resources/src/mediawiki.skinning/images/mail56f7.png]
[www.ecured.cu/resources/src/mediawiki.skinning/images/ftp-ltrf6a4.png]
[www.ecured.cu/resources/src/mediawiki.skinning/images/chat-ltr66dc.png]
[www.ecured.cu/resources/src/mediawiki.skinning/images/audio-ltrcc8c.png]
[www.ecured.cu/resources/src/mediawiki.skinning/images/videoab95.png]
[www.ecured.cu/resources/src/mediawiki.skinning/images/document-ltrc96f.png]
[www.ecured.cu/skins/Timeless/resources/images/search-ltrae3a.png]
[www.ecured.cu/skins/Timeless/resources/images/arrow-down-greya70b.png]
[www.ecured.cu/skins/Timeless/resources/images/star146b.png]
[www.ecured.cu/skins/Timeless/resources/images/star-filled14d8.png]
[www.ecured.cu/Skins/Timeless/resources/images/cat-grey.png]
[www.ecured.cu/Skins/Timeless/resources/images/cat-grey.svg]
[www.ecured.cu/skins/Timeless/resources/images/user-greyf85c.png]
[www.ecured.cu/skins/Timeless/resources/images/user-large-greyea7e.png]
[www.ecured.cu/skins/Timeless/resources/images/menu-large-greya226.png]
[www.ecured.cu/skins/Timeless/resources/images/gear-large-grey0b58.png]
[www.ecured.cu/skins/Timeless/resources/images/clock-grey58a2.png]
[www.ecured.cu/skins/Timeless/resources/images/talk-greye78d.png]
[www.ecured.cu/skins/Timeless/resources/images/puzzle-grey0b16.png]
[www.ecured.cu/skins/Timeless/resources/images/plus-greycc59.png]
[www.ecured.cu/skins/Timeless/resources/images/page-greyea5c.png]
[www.ecured.cu/skins/Timeless/resources/images/gear-grey3f89.png]
[www.ecured.cu/skins/Timeless/resources/images/languages-grey59fa.png]
[www.ecured.cu/ecured-logof666.png]
[www.ecured.cu/load2db5.css]
[www.ecured.cu/Images/2/2d/Picto_infobox_gamepad.png]
[www.ecured.cu/load92d7.css]
[www.ecured.cu/index8d60.html]
[www.ecured.cu/load0c9a.css]
[www.ecured.cu/indexdbb2.html]
[www.ecured.cu/load7079.css]
[www.ecured.cu/loade308.css]
[www.ecured.cu/index4c13.html]
[www.ecured.cu/index4e32.html]
[www.ecured.cu/Especial_LoQueEnlazaAquí/EcuRed_Ayuda.html]
[www.ecured.cu/Especial_CambiosEnEnlazadas/EcuRed_Ayuda]
[www.ecured.cu/index5d10.html]
[www.ecured.cu/index6346.html]
[www.ecured.cu/indexee3a.html]
[www.ecured.cu/Especial_Registro/EcuRed_Ayuda.html]
[www.ecured.cu/Categoría_Ayuda.html]
[www.ecured.cu/EcuRed_discusión_Ayuda]
[www.ecured.cu/indexcd86.html]
[www.ecured.cu/index61ce.html]
[www.ecured.cu/images/b/bf/Cartella_blu.jpg]
[www.ecured.cu/images/thumb/4/47/200px_Logotipo.png/21px-200px_Logotipo.png]
[www.ecured.cu/images/e/ed/Pix.gif]
[www.ecured.cu/images/thumb/d/db/Icono_Discusion.png/25px-Icono_Discusion.png]
[www.ecured.cu/index6bab.html]
[www.ecured.cu/Images/thumb/c/c2/Discusión.jpg/25px-Discusión.jpg]
[www.ecured.cu/index75be.html]
[www.ecured.cu/EcuRed_Portal_de_los_colaboradores.html]
[www.ecured.cu/Usuario_Colaborador.html]
[www.ecured.cu/Usuario_Colaborador/Colaboradores.html]
[www.ecured.cu/Convenciones_de_títulos.html]
[www.ecured.cu/EcuRed_Herramientas_del_usuario.html]
[www.ecured.cu/EcuRed_Página_de_Discusión.html]
[www.ecured.cu/EcuRed_Ecugrupos.html]
[www.ecured.cu/Especial_Categorías.html]
[www.ecured.cu/EcuRed_Manual_del_Moderador.html]
[www.ecured.cu/Modelos_de_artículos.html]
[www.ecured.cu/Especial_PáginasCortas.html]
[www.ecured.cu/Ayuda_Redirigir.html]
[www.ecured.cu/Ayuda_Mover_una_página.html]
[www.ecured.cu/EcuRed_Subpages.html]
[www.ecured.cu/EcuRed_Main_namespace.html]
[www.ecured.cu/Sistema_Consejo_del_día/17.html]
[www.ecured.cu/EcuRed_Tablas.html]
[www.ecured.cu/EcuRed_Consejo_del_día.html]
[www.ecured.cu/images/thumb/f/fc/Zonas_marco_usuario.png/25px-Zonas_marco_usuario.png]
[www.ecured.cu/index1134.html]
[www.ecured.cu/images/thumb/0/00/PorQue-EcuGrupo-Salud.png/23px-PorQue-EcuGrupo-Salud.png]
[www.ecured.cu/indexbe90.html]
[www.ecured.cu/index34f3.html]
[www.ecured.cu/EcuRed_Ayuda.html]
[www.ecured.cu/EcuRed_Derechos_de_autor.html]
[www.ecured.cu/index2d3e.html]
[www.ecured.cu/index3e67.html]
[www.ecured.cu/Especial_LoQueEnlazaAquí/EcuRed_Buscador.html]
[www.ecured.cu/Especial_CambiosEnEnlazadas/EcuRed_Buscador]
[www.ecured.cu/indexf217.html]
[www.ecured.cu/indexa915.html]
[www.ecured.cu/index7337.html]
[www.ecured.cu/Especial_Registro/EcuRed_Buscador.html]
[www.ecured.cu/Categoría_Colaboradores_de_las_guerras_independentistas.html]
[www.ecured.cu/Categoría_Fallecidos_en_1954.html]
[www.ecured.cu/Categoría_Historia_del_municipio.html]
[www.ecured.cu/Categoría_Nacidos_en_1875.html]
[www.ecured.cu/EcuRed_discusión_Buscador.html]
[www.ecured.cu/index4eca.html]
[www.ecured.cu/index3da1.html]
[www.ecured.cu/EcuRed.html]
[www.ecured.cu/Archivo_Busca.html]
[www.ecured.cu/images/8/88/Busca.png]
[www.ecured.cu/Palabra.html]
[www.ecured.cu/Frases.html]
[www.ecured.cu/Operadores.html]
[www.ecured.cu/EcuRed_Buscador_(Código).html]
[www.ecured.cu/EcuRed_Buscador.html]
[www.ecured.cu/Categoría_Políticas.html]
[www.ecured.cu/indexb2b4.html]
[www.ecured.cu/index85e4.html]
[www.ecured.cu/Especial_LoQueEnlazaAquí/EcuRed_Portal_del_colaborador.html]
[www.ecured.cu/Especial_CambiosEnEnlazadas/EcuRed_Portal_del_colaborador]
[www.ecured.cu/indexf2ba.html]
[www.ecured.cu/index42ef.html]
[www.ecured.cu/index7b30.html]
[www.ecured.cu/Especial_Registro/EcuRed_Portal_del_colaborador.html]
[www.ecured.cu/Categoría_Portal.html]
[www.ecured.cu/EcuRed_discusión_Portal_del_colaborador.html]
[www.ecured.cu/index82ff.html]
[www.ecured.cu/index00e7.html]
[www.ecured.cu/Septiembre.html]
[www.ecured.cu/Especial_PáginasNuevas.html]
[www.ecured.cu/Archivo_Portal-icon-gris.html]
[www.ecured.cu/images/thumb/9/93/Portal-icon-gris.png/40px-Portal-icon-gris.png]
[www.ecured.cu/EcuRed_Portales_(Políticas).html]
[www.ecured.cu/Portal_Aduana_General_de_la_República_de_Cuba.html]
[www.ecured.cu/Portal_Aeronáutica.html]
[www.ecured.cu/Portal_Alazanes_granmenses.html]
[www.ecured.cu/Portal_Anime_y_manga.html]
[www.ecured.cu/Portal_Antiguo_Egipto.html]
[www.ecured.cu/Portal_Artemisa.html]
[www.ecured.cu/Portal_Astronáutica.html]
[www.ecured.cu/Portal_Astronomía.html]
[www.ecured.cu/Portal_Automovilismo.html]
[www.ecured.cu/Portal_Baracoa.html]
[www.ecured.cu/Portal_Biología.html]
[www.ecured.cu/Portal_Camagüey.html]
[www.ecured.cu/Portal_Ciego_de_Ávila.html]
[www.ecured.cu/Portal_Cienfuegos.html]
[www.ecured.cu/Portal_Corales.html]
[www.ecured.cu/Portal_Corea_del_Sur.html]
[www.ecured.cu/Portal_Economía_-_Contabilidad.html]
[www.ecured.cu/Portal_Electrónica.html]
[www.ecured.cu/Portal_Elpidio_Valdés.html]
[www.ecured.cu/Portal_Filosofía.html]
[www.ecured.cu/Portal_Física.html]
[www.ecured.cu/Portal_Gastronomía.html]
[www.ecured.cu/Portal_Geografía.html]
[www.ecured.cu/Portal_Granma.html]
[www.ecured.cu/Portal_Hardware.html]
[www.ecured.cu/Portal_Harry_Potter.html]
[www.ecured.cu/Portal_Historia_Militar.html]
[www.ecured.cu/Portal_Holguín.html]
[www.ecured.cu/Portal_Isla_de_la_Juventud.html]
[www.ecured.cu/Portal_Las_Tunas.html]
[www.ecured.cu/Portal_Lengua_Inglesa.html]
[www.ecured.cu/Portal_Liga_BBVA.html]
[www.ecured.cu/Portal_Lingüística.html]
[www.ecured.cu/Portal_Matanzas.html]
[www.ecured.cu/Portal_Matemática.html]
[www.ecured.cu/Portal_Mecánica.html]
[www.ecured.cu/Portal_Mitología.html]
[www.ecured.cu/Portal_Mundo_Tolkien.html]
[www.ecured.cu/Portal_Pedagogía.html]
[www.ecured.cu/Portal_Pinar_del_Río.html]
[www.ecured.cu/Portal_Pintura.html]
[www.ecured.cu/Portal_Política.html]
[www.ecured.cu/Portal_Premios_Nobel.html]
[www.ecured.cu/Portal_Premios_Óscar.html]
[www.ecured.cu/Portal_Química.html]
[www.ecured.cu/Portal_Redes_Sociales.html]
[www.ecured.cu/Portal_Sancti_Spíritus.html]
[www.ecured.cu/Portal_Series_de_TV.html]
[www.ecured.cu/Portal_Veterinaria.html]
[www.ecured.cu/Portal_Villa_Clara.html]
[www.ecured.cu/Portal_World_of_Warcraft.html]
[www.ecured.cu/Portal_Zoología.html]
[www.ecured.cu/index6cae.html]
[www.ecured.cu/Plantilla_Fusionar.html]
[www.ecured.cu/Archivo_UEFA_Euro_2012_logo.html]
[www.ecured.cu/images/thumb/d/dc/UEFA_Euro_2012_logo.png/80px-UEFA_Euro_2012_logo.png]
[www.ecured.cu/Polonia.html]
[www.ecured.cu/Ucrania.html]
[www.ecured.cu/8_de_junio.html]
[www.ecured.cu/1_de_julio.html]
[www.ecured.cu/2012.html]
[www.ecured.cu/UEFA.html]
[www.ecured.cu/2007.html]
[www.ecured.cu/Michel_Platini.html]
[www.ecured.cu/18_de_abril.html]
[www.ecured.cu/España.html]
[www.ecured.cu/2008.html]
[www.ecured.cu/Italia.html]
[www.ecured.cu/Eurocopa_2012.html]
[www.ecured.cu/Ayuda_Manual.html]
[www.ecured.cu/Categoría_Historia.html]
[www.ecured.cu/Sistema_Consejo_del_día/12.html]
[www.ecured.cu/Sistema_Consejo_del_día/14.html]
[www.ecured.cu/Copyright.html]
[www.ecured.cu/EcuRed_Autorizaciones/Biografiasyvidas.html]
[www.ecured.cu/EcuRed_Portal_del_colaborador.html]
[www.ecured.cu/EcuRed_Autorizaciones/Lafutbolteca.html]
[www.ecured.cu/index05c6.html]
[www.ecured.cu/index7a68.html]
[www.ecured.cu/Especial_LoQueEnlazaAquí/EcuRed_Políticas_de_Moderación.html]
[www.ecured.cu/Especial_CambiosEnEnlazadas/EcuRed_Políticas_de_Moderación]
[www.ecured.cu/index457b.html]
[www.ecured.cu/index30c3.html]
[www.ecured.cu/index3c27.html]
[www.ecured.cu/Especial_Registro/EcuRed_Políticas_de_Moderación.html]
[www.ecured.cu/Categoría_Normativas.html]
[www.ecured.cu/EcuRed_discusión_Políticas_de_Moderación.html]
[www.ecured.cu/index939a.html]
[www.ecured.cu/index88a4.html]
[www.ecured.cu/EcuRed_Política_de_protección_de_datos.html]
[www.ecured.cu/EcuRed_Políticas_sobre_el_uso_de_imágenes.html]
[www.ecured.cu/EcuRed_Políticas_sobre_el_uso_de_categorías.html]
[www.ecured.cu/EcuRed_Políticas_Sector_Salud.html]
[www.ecured.cu/index25e4.html]
[www.ecured.cu/EcuRed_Moderadores.html]
[www.ecured.cu/IP.html]
[www.ecured.cu/MediaWiki.html]
[www.ecured.cu/Wikipedia.html]
[www.ecured.cu/Novela.html]
[www.ecured.cu/Poesía.html]
[www.ecured.cu/Ensayo.html]
[www.ecured.cu/Plantilla_Normalizar.html]
[www.ecured.cu/EcuRed_Lo_que_EcuRed_no_es.html]
[www.ecured.cu/Publicidad.html]
[www.ecured.cu/Spam.html]
[www.ecured.cu/Sistema_Artículo_corto.html]
[www.ecured.cu/EcuRed_Políticas_de_Moderación.html]
[www.ecured.cu/indexcc1b.html]
[www.ecured.cu/index26f5.html]
[www.ecured.cu/index37c0.html]
[www.ecured.cu/Especial_LoQueEnlazaAquí/EcuRed_Artículos_de_referencia.html]
[www.ecured.cu/Especial_CambiosEnEnlazadas/EcuRed_Artículos_de_referencia.html]
[www.ecured.cu/indexdfcc.html]
[www.ecured.cu/index11bc.html]
[www.ecured.cu/indexb841.html]
[www.ecured.cu/Especial_Registro/EcuRed_Artículos_de_referencia.html]
[www.ecured.cu/EcuRed_discusión_Artículos_de_referencia.html]
[www.ecured.cu/index834f.html]
[www.ecured.cu/indexadb3.html]
[www.ecured.cu/Archivo_Referencia-icon-amarillo.html]
[www.ecured.cu/images/thumb/5/50/Referencia-icon-amarillo.png/50px-Referencia-icon-amarillo.png]
[www.ecured.cu/EcuRed_Artículos_de_referencia/candidatos.html]
[www.ecured.cu/indexbf91.html]
[www.ecured.cu/index9e46.html]
[www.ecured.cu/images/c/c4/Bar_referencia.png]
[www.ecured.cu/Archivo_PRC.html]
[www.ecured.cu/images/thumb/6/68/PRC.jpg/90px-PRC.jpg]
[www.ecured.cu/Partido_Revolucionario_Cubano.html]
[www.ecured.cu/Archivo_Wikipedia-logo.html]
[www.ecured.cu/images/thumb/6/63/Wikipedia-logo.png/90px-Wikipedia-logo.png]
[www.ecured.cu/Fundación_Wikimedia.html]
[www.ecured.cu/2001.html]
[www.ecured.cu/Jimmy_Wales.html]
[www.ecured.cu/Larry_Sanger.html]
[www.ecured.cu/Microsoft.html]
[www.ecured.cu/Google.html]
[www.ecured.cu/Archivo_Wikileaks_print.html]
[www.ecured.cu/images/thumb/6/62/Wikileaks_print.jpg/90px-Wikileaks_print.jpg]
[www.ecured.cu/WikiLeaks.html]
[www.ecured.cu/Archivo_Guerra-fria.html]
[www.ecured.cu/images/thumb/c/c4/Guerra-fria.jpg/90px-Guerra-fria.jpg]
[www.ecured.cu/URSS.html]
[www.ecured.cu/Segunda_Guerra_Mundial.html]
[www.ecured.cu/1947.html]
[www.ecured.cu/Herbert_B.html]
[www.ecured.cu/Walter_Lipman.html]
[www.ecured.cu/Guerra_Fría.html]
[www.ecured.cu/Archivo_Cespedes.html]
[www.ecured.cu/images/thumb/e/e3/Cespedes.jpg/90px-Cespedes.jpg]
[www.ecured.cu/10_de_octubre.html]
[www.ecured.cu/1868.html]
[www.ecured.cu/Ejército_Libertador.html]
[www.ecured.cu/República_de_Cuba_en_Armas.html]
[www.ecured.cu/1867.html]
[www.ecured.cu/Manzanillo.html]
[www.ecured.cu/Francisco_Vicente_Aguilera.html]
[www.ecured.cu/Perucho_Figueredo.html]
[www.ecured.cu/Junta_Revolucionaria_de_Manzanillo]
[www.ecured.cu/Carlos_Manuel_de_Céspedes.html]
[www.ecured.cu/Archivo_Manilkara_zapota.html]
[www.ecured.cu/images/thumb/f/fa/Manilkara_zapota.png/90px-Manilkara_zapota.png]
[www.ecured.cu/México.html]
[www.ecured.cu/América_Central.html]
[www.ecured.cu/América_del_Sur.html]
[www.ecured.cu/Polímero.html]
[www.ecured.cu/Látex.html]
[www.ecured.cu/Chicle.html]
[www.ecured.cu/Archivo_Entrada_del_Cotorro.html]
[www.ecured.cu/images/thumb/8/89/Entrada_del_Cotorro.JPG/90px-Entrada_del_Cotorro.jpg]
[www.ecured.cu/Organización_político-administrativa_de_Cuba.html]
[www.ecured.cu/1976.html]
[www.ecured.cu/Guanabacoa.html]
[www.ecured.cu/San_Miguel_del_Padrón.html]
[www.ecured.cu/Arroyo_Naranjo.html]
[www.ecured.cu/San_José_de_las_Lajas.html]
[www.ecured.cu/Mayabeque.html]
[www.ecured.cu/Cotorro.html]
[www.ecured.cu/Archivo_Ana_Fidelia.html]
[www.ecured.cu/images/thumb/6/65/Ana_Fidelia.jpg/90px-Ana_Fidelia.jpg]
[www.ecured.cu/Grand_Prix.html]
[www.ecured.cu/1987.html]
[www.ecured.cu/1991.html]
[www.ecured.cu/1988.html]
[www.ecured.cu/1989.html]
[www.ecured.cu/1990.html]
[www.ecured.cu/Atletismo.html]
[www.ecured.cu/Ana_Fidelia_Quirot.html]
[www.ecured.cu/Archivo_Avión_DC-8,_1201,_de_Cubana_de_Aviación.html]
[www.ecured.cu/images/thumb/3/3a/Avión_DC-8,_1201,_de_Cubana_de_Aviación.jpg/90px-Avión_DC-8,_1201,_de_Cubana_de_Aviación.jpg]
[www.ecured.cu/Barbados.html]
[www.ecured.cu/Cubana_de_Aviación.html]
[www.ecured.cu/6_de_octubre.html]
[www.ecured.cu/CIA.html]
[www.ecured.cu/Caracas.html]
[www.ecured.cu/Venezuela.html]
[www.ecured.cu/Luis_Posada_Carriles.html]
[www.ecured.cu/Orlando_Bosch_Ávila.html]
[www.ecured.cu/Hernán_Ricardo.html]
[www.ecured.cu/Freddy_Lugo.html]
[www.ecured.cu/Crimen_de_Barbados.html]
[www.ecured.cu/Archivo_JoseMarti3.html]
[www.ecured.cu/images/thumb/f/f0/JoseMarti3.JPG/90px-JoseMarti3.jpg]
[www.ecured.cu/Siglo_XIX.html]
[www.ecured.cu/Archivo_Julio_antonio_mella.html]
[www.ecured.cu/images/thumb/c/ce/Julio_antonio_mella.JPG/90px-Julio_antonio_mella.jpg]
[www.ecured.cu/Partido_Comunista_de_Cuba.html]
[www.ecured.cu/Federación_Estudiantil_Universitaria.html]
[www.ecured.cu/Julio_Antonio_Mella.html]
[www.ecured.cu/Archivo_Mundial_de_Atletismo_2011.html]
[www.ecured.cu/images/thumb/d/d5/Mundial_de_Atletismo_2011.jpg/90px-Mundial_de_Atletismo_2011.jpg]
[www.ecured.cu/Daegu.html]
[www.ecured.cu/Corea_del_Sur.html]
[www.ecured.cu/27_de_agosto.html]
[www.ecured.cu/4_de_septiembre.html]
[www.ecured.cu/2011.html]
[www.ecured.cu/Asociación_Internacional_de_Federaciones_de_Atletismo.html]
[www.ecured.cu/Federación_Surcoreana_de_Atletismo]
[www.ecured.cu/Rusia.html]
[www.ecured.cu/Kenya.html]
[www.ecured.cu/XIII_Campeonato_Mundial_de_Atletismo.html]
[www.ecured.cu/Archivo_CharlesEMagoon.html]
[www.ecured.cu/images/thumb/c/cf/CharlesEMagoon.jpg/90px-CharlesEMagoon.jpg]
[www.ecured.cu/Canal_de_Panamá.html]
[www.ecured.cu/Charles_Magoon.html]
[www.ecured.cu/Archivo_Bandera_Francia.html]
[www.ecured.cu/images/thumb/0/03/Bandera_Francia.jpg/90px-Bandera_Francia.jpg]
[www.ecured.cu/Unión_Europea.html]
[www.ecured.cu/París.html]
[www.ecured.cu/Revolución_Francesa.html]
[www.ecured.cu/Zona_Euro.html]
[www.ecured.cu/Espacio_Schengen.html]
[www.ecured.cu/Francia.html]
[www.ecured.cu/Archivo_Ccolon.html]
[www.ecured.cu/images/thumb/5/5f/Ccolon.JPG/90px-Ccolon.jpg]
[www.ecured.cu/Nuevo_Mundo.html]
[www.ecured.cu/12_de_octubre.html]
[www.ecured.cu/1492.html]
[www.ecured.cu/América.html]
[www.ecured.cu/7_de_noviembre.html]
[www.ecured.cu/1504.html]
[www.ecured.cu/Fernando_el_Católico.html]
[www.ecured.cu/Cristóbal_Colón.html]
[www.ecured.cu/Archivo_FBI.html]
[www.ecured.cu/images/thumb/3/3e/FBI.jpg/90px-FBI.jpg]
[www.ecured.cu/Departamento_de_Justicia_de_Estados_Unidos.html]
[www.ecured.cu/Terrorismo.html]
[www.ecured.cu/Buró_Federal_de_Investigaciones.html]
[www.ecured.cu/Archivo_Mapa_de_LIBIA.html]
[www.ecured.cu/images/thumb/6/69/Mapa_de_LIBIA.jpg/90px-Mapa_de_LIBIA.jpg]
[www.ecured.cu/África.html]
[www.ecured.cu/Mar_Mediterráneo.html]
[www.ecured.cu/Egipto.html]
[www.ecured.cu/Sudán.html]
[www.ecured.cu/Chad.html]
[www.ecured.cu/Nigeria.html]
[www.ecured.cu/Argelia.html]
[www.ecured.cu/Túnez.html]
[www.ecured.cu/Tripolitania.html]
[www.ecured.cu/Cirenaica.html]
[www.ecured.cu/Fezán.html]
[www.ecured.cu/18_de_octubre.html]
[www.ecured.cu/1912.html]
[www.ecured.cu/Tratado_de_Lausana.html]
[www.ecured.cu/Libia.html]
[www.ecured.cu/Archivo_Bandera_romana.html]
[www.ecured.cu/images/thumb/c/c3/Bandera_romana.png/90px-Bandera_romana.png]
[www.ecured.cu/Roma.html]
[www.ecured.cu/753_a.n.e.html]
[www.ecured.cu/Rómulo.html]
[www.ecured.cu/Remo.html]
[www.ecured.cu/Río_Tíber.html]
[www.ecured.cu/270_a.n.e.html]
[www.ecured.cu/Península_Itálica.html]
[www.ecured.cu/Siglo_I_a.n.e.html]
[www.ecured.cu/Imperio_Romano.html]
[www.ecured.cu/Archivo_Bandera_de_cuba_grande.html]
[www.ecured.cu/images/thumb/6/66/Bandera_de_cuba_grande.png/90px-Bandera_de_cuba_grande.png]
[www.ecured.cu/Mar_Caribe.html]
[www.ecured.cu/Golfo_de_México.html]
[www.ecured.cu/Haití.html]
[www.ecured.cu/Bahamas.html]
[www.ecured.cu/Jamaica.html]
[www.ecured.cu/Diego_Velázquez.html]
[www.ecured.cu/La_Española.html]
[www.ecured.cu/1510.html]
[www.ecured.cu/República_de_Cuba.html]
[www.ecured.cu/Archivo_Maceo.html]
[www.ecured.cu/images/thumb/e/e2/Maceo.jpg/90px-Maceo.jpg]
[www.ecured.cu/Guerra_de_los_Diez_Años.html]
[www.ecured.cu/15_de_marzo.html]
[www.ecured.cu/1878.html]
[www.ecured.cu/Arsenio_Martínez_Campos.html]
[www.ecured.cu/Mangos_de_Baraguá.html]
[www.ecured.cu/Protesta_de_Baraguá.html]
[www.ecured.cu/Antonio_Maceo_Grajales.html]
[www.ecured.cu/Archivo_Napoleon_bonaparte.html]
[www.ecured.cu/images/thumb/7/76/Napoleon_bonaparte.jpg/90px-Napoleon_bonaparte.jpg]
[www.ecured.cu/9_de_noviembre.html]
[www.ecured.cu/11_de_noviembre.html]
[www.ecured.cu/1799.html]
[www.ecured.cu/18_de_mayo.html]
[www.ecured.cu/1804.html]
[www.ecured.cu/2_de_diciembre.html]
[www.ecured.cu/18_de_marzo.html]
[www.ecured.cu/1805.html]
[www.ecured.cu/26_de_mayo.html]
[www.ecured.cu/11_de_abril.html]
[www.ecured.cu/1814.html]
[www.ecured.cu/20_de_marzo.html]
[www.ecured.cu/22_de_junio.html]
[www.ecured.cu/1815.html]
[www.ecured.cu/Batalla_de_Waterloo.html]
[www.ecured.cu/Bélgica.html]
[www.ecured.cu/18_de_junio.html]
[www.ecured.cu/Isla_de_Santa_Elena.html]
[www.ecured.cu/Napoleón_Bonaparte.html]
[www.ecured.cu/Archivo_Mapa_Miami.html]
[www.ecured.cu/images/thumb/b/bb/Mapa_Miami.png/90px-Mapa_Miami.png]
[www.ecured.cu/Florida.html]
[www.ecured.cu/Los_Ángeles.html]
[www.ecured.cu/Nueva_York.html]
[www.ecured.cu/1513.html]
[www.ecured.cu/Ponce_de_León.html]
[www.ecured.cu/1870.html]
[www.ecured.cu/Siglo_XX.html]
[www.ecured.cu/Miami.html]
[www.ecured.cu/Archivo_Bloqueo.html]
[www.ecured.cu/images/thumb/7/71/Bloqueo.jpeg/90px-Bloqueo.jpg]
[www.ecured.cu/Barack_Obama.html]
[www.ecured.cu/Bloqueo_Económico_contra_Cuba.html]
[www.ecured.cu/Archivo_Ernesto_che_guevara.html]
[www.ecured.cu/images/thumb/8/8d/Ernesto_che_guevara.jpg/90px-Ernesto_che_guevara.jpg]
[www.ecured.cu/1956.html]
[www.ecured.cu/Yate_Granma.html]
[www.ecured.cu/1966.html]
[www.ecured.cu/La_Habana.html]
[www.ecured.cu/Fidel_Castro.html]
[www.ecured.cu/Bolivia.html]
[www.ecured.cu/8_de_octubre.html]
[www.ecured.cu/1967.html]
[www.ecured.cu/Quebrada_del_Yuro.html]
[www.ecured.cu/Ernesto_Guevara_de_la_Serna.html]
[www.ecured.cu/Archivo_Tomas_palma.html]
[www.ecured.cu/images/thumb/5/5f/Tomas_palma.jpg/90px-Tomas_palma.jpg]
[www.ecured.cu/1902.html]
[www.ecured.cu/1906.html]
[www.ecured.cu/Partido_Liberal.html]
[www.ecured.cu/Tomás_Estrada_Palma.html]
[www.ecured.cu/Archivo_Bandera_de_Estados_Unidos.html]
[www.ecured.cu/images/thumb/f/f3/Bandera_de_Estados_Unidos.png/90px-Bandera_de_Estados_Unidos.png]
[www.ecured.cu/1776.html]
[www.ecured.cu/América_del_Norte.html]
[www.ecured.cu/Archivo_Camilo_cienfuegos.html]
[www.ecured.cu/images/thumb/6/67/Camilo_cienfuegos.jpg/90px-Camilo_cienfuegos.jpg]
[www.ecured.cu/Fulgencio_Batista.html]
[www.ecured.cu/1_de_enero.html]
[www.ecured.cu/1959.html]
[www.ecured.cu/Ernesto_Che_Guevara.html]
[www.ecured.cu/Revolución_Cubana.html]
[www.ecured.cu/Ejército_Rebelde.html]
[www.ecured.cu/Hubert_Matos.html]
[www.ecured.cu/Camilo_Cienfuegos.html]
[www.ecured.cu/Archivo_Dora_Alonso.html]
[www.ecured.cu/images/thumb/2/2d/Dora_Alonso.jpg/90px-Dora_Alonso.jpg]
[www.ecured.cu/Narrador.html]
[www.ecured.cu/Dramaturgo.html]
[www.ecured.cu/Poeta.html]
[www.ecured.cu/Periodista.html]
[www.ecured.cu/Pelusín_y_los_pájaros.html]
[www.ecured.cu/Premio_Nacional_de_Literatura.html]
[www.ecured.cu/Dora_Alonso.html]
[www.ecured.cu/Archivo_Debian-logo.html]
[www.ecured.cu/images/thumb/b/bc/Debian-logo.png/90px-Debian-logo.png]
[www.ecured.cu/Software.html]
[www.ecured.cu/Software_libre.html]
[www.ecured.cu/Código_abierto.html]
[www.ecured.cu/Proyecto_GNU.html]
[www.ecured.cu/GNU/Linux.html]
[www.ecured.cu/Ian_Murdock.html]
[www.ecured.cu/16_de_agosto.html]
[www.ecured.cu/1993.html]
[www.ecured.cu/Toy_Story.html]
[www.ecured.cu/Pixar.html]
[www.ecured.cu/Debian.html]
[www.ecured.cu/Archivo_Okneoanexionistas.html]
[www.ecured.cu/images/thumb/d/d2/Okneoanexionistas.jpg/90px-Okneoanexionistas.jpg]
[www.ecured.cu/EE.UU.html]
[www.ecured.cu/Robert_Torricelli.html]
[www.ecured.cu/Nueva_Jersey.html]
[www.ecured.cu/Bob_Graham.html]
[www.ecured.cu/George_Bush.html]
[www.ecured.cu/23_de_octubre.html]
[www.ecured.cu/1992.html]
[www.ecured.cu/Ley_Torricelli.html]
[www.ecured.cu/Archivo_Francisco_de_quevedo.html]
[www.ecured.cu/images/thumb/a/a1/Francisco_de_quevedo.jpg/90px-Francisco_de_quevedo.jpg]
[www.ecured.cu/Teología.html]
[www.ecured.cu/Luis_de_Góngora.html]
[www.ecured.cu/Francisco_de_Quevedo.html]
[www.ecured.cu/Archivo_Sistema_MS2.html]
[www.ecured.cu/images/thumb/d/d8/Sistema_MS2.jpg/90px-Sistema_MS2.jpg]
[www.ecured.cu/Sistema_Nervioso_Central.html]
[www.ecured.cu/SNC.html]
[www.ecured.cu/Haz_piramidal.html]
[www.ecured.cu/Médula_espinal.html]
[www.ecured.cu/Tronco_encefálico.html]
[www.ecured.cu/Sistema_motorsomático.html]
[www.ecured.cu/Archivo_Muamar_gadaffi.html]
[www.ecured.cu/images/thumb/7/7f/Muamar_gadaffi.jpg/90px-Muamar_gadaffi.jpg]
[www.ecured.cu/1969.html]
[www.ecured.cu/Consejo_Nacional_de_Transición]
[www.ecured.cu/Trípoli.html]
[www.ecured.cu/OTAN.html]
[www.ecured.cu/Muamar_el_Gadafi.html]
[www.ecured.cu/Archivo_Victoria_sobre_el_Fascismo.html]
[www.ecured.cu/images/thumb/4/40/Victoria_sobre_el_Fascismo.jpg/90px-Victoria_sobre_el_Fascismo.jpg]
[www.ecured.cu/1939.html]
[www.ecured.cu/1945.html]
[www.ecured.cu/Gran_Bretaña.html]
[www.ecured.cu/Unión_Soviética.html]
[www.ecured.cu/Naciones_Unidas.html]
[www.ecured.cu/Archivo_Julio_Martínez_Páez.html]
[www.ecured.cu/images/thumb/5/58/Julio_Martínez_Páez.jpg/90px-Julio_Martínez_Páez.jpg]
[www.ecured.cu/Hospital_Ortopédico_Docente_Fructuoso_Rodríguez.html]
[www.ecured.cu/Sierra_Maestra.html]
[www.ecured.cu/Julio_Martínez_Páez.html]
[www.ecured.cu/Archivo_Henipavirus.html]
[www.ecured.cu/images/thumb/b/be/Henipavirus.png/90px-Henipavirus.png]
[www.ecured.cu/Mononegavirales.html]
[www.ecured.cu/Virus_de_la_influenza.html]
[www.ecured.cu/ARN.html]
[www.ecured.cu/Virión.html]
[www.ecured.cu/Nm.html]
[www.ecured.cu/Nucleoclápside.html]
[www.ecured.cu/Carbohidratos.html]
[www.ecured.cu/Lípidos.html]
[www.ecured.cu/Citoplasma.html]
[www.ecured.cu/Membrana_plasmática.html]
[www.ecured.cu/Genoma.html]
[www.ecured.cu/Paramyxoviridae.html]
[www.ecured.cu/Archivo_Firefox_logo_wordmark.html]
[www.ecured.cu/images/thumb/7/75/Firefox_logo_wordmark.png/90px-Firefox_logo_wordmark.png]
[www.ecured.cu/Navegador_web.html]
[www.ecured.cu/Fundación_Mozilla.html]
[www.ecured.cu/Mozilla_Application_Suite.html]
[www.ecured.cu/10_de_marzo.html]
[www.ecured.cu/2005.html]
[www.ecured.cu/W3Schools.html]
[www.ecured.cu/Google_Chrome.html]
[www.ecured.cu/Internet_Explorer.html]
[www.ecured.cu/Mozilla_Firefox.html]
[www.ecured.cu/Archivo_Paleta-pintura.html]
[www.ecured.cu/images/thumb/d/d0/Paleta-pintura.jpg/90px-Paleta-pintura.jpg]
[www.ecured.cu/Latín.html]
[www.ecured.cu/Pintura.html]
[www.ecured.cu/Grabado.html]
[www.ecured.cu/Escultura.html]
[www.ecured.cu/Fotografía.html]
[www.ecured.cu/Orfebrería.html]
[www.ecured.cu/Glíptica.html]
[www.ecured.cu/Artes_plásticas.html]
[www.ecured.cu/Archivo_Juliocesar.html]
[www.ecured.cu/images/thumb/8/81/Juliocesar.JPG/90px-Juliocesar.jpg]
[www.ecured.cu/Guerra_de_las_Galias.html]
[www.ecured.cu/44_a.n.html]
[www.ecured.cu/Cayo_Julio_César.html]
[www.ecured.cu/Archivo_Charles-darwin.html]
[www.ecured.cu/images/thumb/a/a5/Charles-darwin.jpg/90px-Charles-darwin.jpg]
[www.ecured.cu/1859.html]
[www.ecured.cu/El_origen_de_las_especies_por_medio_de_la_selección_natural.html]
[www.ecured.cu/Charles_Darwin.html]
[www.ecured.cu/Archivo_USS_Maine_ACR-1.html]
[www.ecured.cu/images/thumb/2/26/USS_Maine_ACR-1.jpg/90px-USS_Maine_ACR-1.jpg]
[www.ecured.cu/Explosión_del_acorazado_Maine_(La_Habana,_1898).html]
[www.ecured.cu/Archivo_Bandera_brasil.html]
[www.ecured.cu/images/thumb/d/d7/Bandera_brasil.jpg/90px-Bandera_brasil.jpg]
[www.ecured.cu/Suramérica.html]
[www.ecured.cu/Océano_Atlántico.html]
[www.ecured.cu/Chile.html]
[www.ecured.cu/Ecuador.html]
[www.ecured.cu/América_Latina.html]
[www.ecured.cu/BRICS.html]
[www.ecured.cu/MERCOSUR.html]
[www.ecured.cu/UNASUR.html]
[www.ecured.cu/CELAC.html]
[www.ecured.cu/G20.html]
[www.ecured.cu/Brasil.html]
[www.ecured.cu/Archivo_Elecciones_en_cuba.html]
[www.ecured.cu/images/thumb/a/ac/Elecciones_en_cuba.jpeg/90px-Elecciones_en_cuba.jpg]
[www.ecured.cu/Asamblea_Nacional_del_Poder_Popular.html]
[www.ecured.cu/Poder_Popular.html]
[www.ecured.cu/16_de_junio.html]
[www.ecured.cu/1900.html]
[www.ecured.cu/Triunfo_de_la_Revolución_Cubana.html]
[www.ecured.cu/Sistema_electoral_cubano.html]
[www.ecured.cu/Archivo_Simon_bolivar.html]
[www.ecured.cu/images/thumb/f/f7/Simon_bolivar.jpeg/90px-Simon_bolivar.jpg]
[www.ecured.cu/Perú.html]
[www.ecured.cu/Colombia.html]
[www.ecured.cu/Simón_Rodríguez.html]
[www.ecured.cu/Simón_Bolívar.html]
[www.ecured.cu/Archivo_500px-Olimpiadas_Londres_2012_logo.html]
[www.ecured.cu/images/thumb/2/2d/500px-Olimpiadas_Londres_2012_logo.png/90px-500px-Olimpiadas_Londres_2012_logo.png]
[www.ecured.cu/Londres.html]
[www.ecured.cu/Reino_Unido.html]
[www.ecured.cu/Juegos_Olímpicos.html]
[www.ecured.cu/China.html]
[www.ecured.cu/Juegos_Olímpicos_de_Londres_2012.html]
[www.ecured.cu/Archivo_Logo_Real_Madrid.html]
[www.ecured.cu/images/thumb/b/b8/Logo_Real_Madrid.png/90px-Logo_Real_Madrid.png]
[www.ecured.cu/Madrid.html]
[www.ecured.cu/6_de_marzo.html]
[www.ecured.cu/Liga_BBVA]
[www.ecured.cu/1929.html]
[www.ecured.cu/FIFA.html]
[www.ecured.cu/2000.html]
[www.ecured.cu/Europa.html]
[www.ecured.cu/IFFHS.html]
[www.ecured.cu/Real_Madrid.html]
[www.ecured.cu/Archivo_Ubicacion_Cienfuegos.html]
[www.ecured.cu/images/thumb/8/87/Ubicacion_Cienfuegos.gif/90px-Ubicacion_Cienfuegos.gif]
[www.ecured.cu/Patrimonio_Cultural_de_la_Humanidad.html]
[www.ecured.cu/Cienfuegos.html]
[www.ecured.cu/Archivo_Ciudad_Trinidad.html]
[www.ecured.cu/images/thumb/f/f8/Ciudad_Trinidad.jpg/90px-Ciudad_Trinidad.jpg]
[www.ecured.cu/Sancti_Spíritus.html]
[www.ecured.cu/1514.html]
[www.ecured.cu/Diego_Velázquez_de_Cuéllar.html]
[www.ecured.cu/Antillas.html]
[www.ecured.cu/Trinidad.html]
[www.ecured.cu/Archivo_Gabriel_Garcia_Marquez,_2009.html]
[www.ecured.cu/images/thumb/e/eb/Gabriel_Garcia_Marquez,_2009.jpg/90px-Gabriel_Garcia_Marquez,_2009.jpg]
[www.ecured.cu/Realismo_Mágico.html]
[www.ecured.cu/Boom_latinoamericano.html]
[www.ecured.cu/Premio_Nóbel_de_Literatura.html]
[www.ecured.cu/1982.html]
[www.ecured.cu/Cien_años_de_soledad.html]
[www.ecured.cu/Real_Academia_Española.html]
[www.ecured.cu/Asociación_de_Academias_de_la_Lengua_Española.html]
[www.ecured.cu/Gabriel_García_Márquez.html]
[www.ecured.cu/Archivo_Chavezonu.html]
[www.ecured.cu/images/thumb/9/9d/Chavezonu.jpg/90px-Chavezonu.jpg]
[www.ecured.cu/República_Bolivariana_de_Venezuela.html]
[www.ecured.cu/1999.html]
[www.ecured.cu/2013.html]
[www.ecured.cu/Francisco_de_Miranda.html]
[www.ecured.cu/Revolución_Bolivariana.html]
[www.ecured.cu/6_de_diciembre.html]
[www.ecured.cu/Hugo_Chávez_Frías.html]
[www.ecured.cu/Archivo_Bandera_mexico.html]
[www.ecured.cu/images/thumb/2/29/Bandera_mexico.jpg/90px-Bandera_mexico.jpg]
[www.ecured.cu/Ciudad_de_México.html]
[www.ecured.cu/Estados_Unidos_de_América.html]
[www.ecured.cu/Belice.html]
[www.ecured.cu/Guatemala.html]
[www.ecured.cu/Océano_Pacífico.html]
[www.ecured.cu/Archivo_34_Festival_Internacional_del_Nuevo_Cine_Latinoamericano.html]
[www.ecured.cu/images/thumb/b/b6/34_Festival_Internacional_del_Nuevo_Cine_Latinoamericano.jpg/90px-34_Festival_Internacional_del_Nuevo_Cine_Latinoamericano.jpg]
[www.ecured.cu/4_de_diciembre.html]
[www.ecured.cu/14_de_diciembre.html]
[www.ecured.cu/XXXIV_Festival_Internacional_del_Nuevo_Cine_Latinoamericano.html]
[www.ecured.cu/Archivo_Carpentier.html]
[www.ecured.cu/images/thumb/2/2a/Carpentier.jpg/90px-Carpentier.jpg]
[www.ecured.cu/El_siglo_de_las_luces.html]
[www.ecured.cu/El_reino_de_este_mundo.html]
[www.ecured.cu/Premio_Miguel_de_Cervantes.html]
[www.ecured.cu/1977.html]
[www.ecured.cu/Alejo_Carpentier.html]
[www.ecured.cu/Archivo_Raúl-castro.html]
[www.ecured.cu/images/thumb/3/3a/Raúl-castro.jpg/90px-Raúl-castro.jpg]
[www.ecured.cu/Comité_Central_del_Partido_Comunista_de_Cuba.html]
[www.ecured.cu/15_de_noviembre.html]
[www.ecured.cu/27_de_febrero.html]
[www.ecured.cu/Héroe_de_la_República_de_Cuba.html]
[www.ecured.cu/Orden_Máximo_Gómez.html]
[www.ecured.cu/Raúl_Castro.html]
[www.ecured.cu/Archivo_Impacto_en_la_torre_sur.html]
[www.ecured.cu/images/thumb/6/6a/Impacto_en_la_torre_sur.jpg/90px-Impacto_en_la_torre_sur.jpg]
[www.ecured.cu/11_de_septiembre.html]
[www.ecured.cu/Al_Qaeda.html]
[www.ecured.cu/American_Airlines.html]
[www.ecured.cu/United_Airlines.html]
[www.ecured.cu/Atentados_del_11_de_septiembre_de_2001.html]
[www.ecured.cu/Archivo_Tanquepensante.html]
[www.ecured.cu/images/thumb/6/6d/Tanquepensante.JPG/90px-Tanquepensante.jpg]
[www.ecured.cu/Tanques_pensantes.html]
[www.ecured.cu/Archivo_Guerrilla_del_che_en_bolivia.html]
[www.ecured.cu/images/thumb/a/ae/Guerrilla_del_che_en_bolivia.jpg/90px-Guerrilla_del_che_en_bolivia.jpg]
[www.ecured.cu/Ejército_de_Bolivia]
[www.ecured.cu/Guerrilla_del_Che_en_Bolivia.html]
[www.ecured.cu/Archivo_Nicolás_Guillén-2.html]
[www.ecured.cu/images/thumb/4/40/Nicolás_Guillén-2.jpg/90px-Nicolás_Guillén-2.jpg]
[www.ecured.cu/Unión_de_Escritores_y_Artistas_de_Cuba.html]
[www.ecured.cu/Orden_José_Martí.html]
[www.ecured.cu/Nicolás_Guillén.html]
[www.ecured.cu/Archivo_PetroCaribe.html]
[www.ecured.cu/images/thumb/a/ad/PetroCaribe.png/90px-PetroCaribe.png]
[www.ecured.cu/Alianza_Bolivariana_para_los_Pueblos_de_Nuestra_América.html]
[www.ecured.cu/Petrocaribe.html]
[www.ecured.cu/Archivo_Universidad_de_la_habana.html]
[www.ecured.cu/images/thumb/a/a9/Universidad_de_la_habana.jpg/90px-Universidad_de_la_habana.jpg]
[www.ecured.cu/3_de_noviembre.html]
[www.ecured.cu/1923.html]
[www.ecured.cu/1927.html]
[www.ecured.cu/Gerardo_Machado.html]
[www.ecured.cu/Universidad_Popular_José_Martí.html]
[www.ecured.cu/Archivo_Sorghum_halepense.html]
[www.ecured.cu/images/thumb/c/c1/Sorghum_halepense.jpg/90px-Sorghum_halepense.jpg]
[www.ecured.cu/Sorghum_bicolor.html]
[www.ecured.cu/Centroamérica.html]
[www.ecured.cu/Sudamérica.html]
[www.ecured.cu/India.html]
[www.ecured.cu/Australia.html]
[www.ecured.cu/Sorgo_de_Alepo.html]
[www.ecured.cu/Archivo_Entrada_triunfal_de_los_navios_estadounidenses_tras_la_victoria_en_Santiago_de_Cuba.html]
[www.ecured.cu/3_de_julio.html]
[www.ecured.cu/images/thumb/f/fc/Entrada_triunfal_de_los_navios_estadounidenses_/90px-Entrada_triunfal_de_los_navios_estadounidenses_tras_la_victoria_en_Santiago_de_Cuba.39c.de]
[www.ecured.cu/1898.html]
[www.ecured.cu/Bahía_de_Santiago_de_Cuba.html]
[www.ecured.cu/Guerra_Hispano-Cubano-Norteamericana.html]
[www.ecured.cu/Pascual_Cervera_y_Topete.html]
[www.ecured.cu/William_Thomas_Sampson.html]
[www.ecured.cu/Winfield_Scott_Schley.html]
[www.ecured.cu/Batalla_Naval_de_Santiago_de_Cuba.html]
[www.ecured.cu/Archivo_Oryza_sativa.html]
[www.ecured.cu/images/thumb/0/0d/Oryza_sativa.jpg/90px-Oryza_sativa.jpg]
[www.ecured.cu/Gramíneas.html]
[www.ecured.cu/Asia.html]
[www.ecured.cu/Cereal.html]
[www.ecured.cu/Arroz.html]
[www.ecured.cu/Archivo_Toma_de_La_Habana_por_los_ingleses.html]
[www.ecured.cu/images/thumb/e/e4/Toma_de_La_Habana_por_los_ingleses.jpg/90px-Toma_de_La_Habana_por_los_ingleses.jpg]
[www.ecured.cu/1762.html]
[www.ecured.cu/Guerra_de_los_Siete_Años.html]
[www.ecured.cu/Inglaterra.html]
[www.ecured.cu/Capitanía_General_de_Cuba.html]
[www.ecured.cu/Toma_de_La_Habana_por_los_ingleses.html]
[www.ecured.cu/EcuRed_Artículos_de_referencia.html]
[www.ecured.cu/EcuRed_Artículos_destacados.html]
[www.ecured.cu/EcuRed_Artículos_certificados.html]
[www.ecured.cu/EcuRed_Notificar_errores.html]
[www.ecured.cu/EcuRed_Árbol_de_Categorías.html]
[www.ecured.cu/EcuRed_Plantillas_recomendadas.html]
[www.ecured.cu/Especial_CambiosRecientes.html]
[www.ecured.cu/Max_Brod.html]
[www.ecured.cu/Especial_PáginasRequeridas.html]
[www.ecured.cu/Categoría_Artículos_a_normalizar.html]
[www.ecured.cu/Categoría_Fusionar.html]
[www.ecured.cu/Especial_PáginasHuérfanas.html]
[www.ecured.cu/Especial_PáginasEspeciales.html]
[www.ecured.cu/Especial_LoQueEnlazaAquí/EcuRed_Enciclopedia_cubana.html]
[www.ecured.cu/Especial_CambiosEnEnlazadas/EcuRed_Enciclopedia_cubana.html]
[www.ecured.cu/index89eb.html]
[www.ecured.cu/index4be6.html]
[www.ecured.cu/index5edd.html]
[www.ecured.cu/Especial_Registro/EcuRed_Enciclopedia_cubana.html]
[www.ecured.cu/EcuRed_discusión_Enciclopedia_cubana.html]
[www.ecured.cu/index34ee.html]
[www.ecured.cu/indexa2f7.html]
[www.ecured.cu/1_de_septiembre.html]
[www.ecured.cu/2022.html]
[www.ecured.cu/Cuba.html]
[www.ecured.cu/COVID-19.html]
[www.ecured.cu/Archivo_Quote1.html]
[www.ecured.cu/Archivo_Quote2.html]
[www.ecured.cu/José_Martí.html]
[www.ecured.cu/EcuRed_Artículos_solicitados.html]
[www.ecured.cu/Portal_Panorama_Mundial.html]
[www.ecured.cu/Portal_Panorama_Mundial/DE_LA_PRENSA.html]
[www.ecured.cu/Portal_Panorama_Mundial/RESUMEN_SEMANAL_Y_REVISTA.html]
[www.ecured.cu/Portal_Panorama_Mundial/DE_CUBA.html]
[www.ecured.cu/Portal_Panorama_Mundial/DEL_MUNDO02.html]
[www.ecured.cu/Archivo_Cincoheroes.html]
[www.ecured.cu/1891.html]
[www.ecured.cu/Ponce.html]
[www.ecured.cu/Puerto_Rico.html]
[www.ecured.cu/Pedro_Albízu_Campos.html]
[www.ecured.cu/1933.html]
[www.ecured.cu/Mujer.html]
[www.ecured.cu/1958.html]
[www.ecured.cu/Santiago_de_Cuba.html]
[www.ecured.cu/Daniel_Núñez_Aguiar.html]
[www.ecured.cu/Archivo_Museo_Nacional_de_Bellas_Artes_-_Arte_Cubano.html]
[www.ecured.cu/1973.html]
[www.ecured.cu/Víctor_Jara.html]
[www.ecured.cu/1998.html]
[www.ecured.cu/Estados_Unidos.html]
[www.ecured.cu/Los_Cinco_Héroes.html]
[www.ecured.cu/12_de_septiembre.html]
[www.ecured.cu/Archivo_Ulysses_Grant_1870-1880.html]
[www.ecured.cu/Anexo_Presidentes_de_los_Estados_Unidos.html]
[www.ecured.cu/Guerra_de_Secesión.html]
[www.ecured.cu/Robert_E.html]
[www.ecured.cu/Ku_Klux_Klan.html]
[www.ecured.cu/Acta_de_derechos_civiles_de_1871.html]
[www.ecured.cu/1875.html]
[www.ecured.cu/Ulysses_S.html]
[www.ecured.cu/Antialérgico.html]
[www.ecured.cu/Manganeso.html]
[www.ecured.cu/Vitamina_B.html]
[www.ecured.cu/Sistema_Cardiovascular.html]
[www.ecured.cu/Colesterol.html]
[www.ecured.cu/Antiséptico.html]
[www.ecured.cu/Diurético.html]
[www.ecured.cu/Longevidad.html]
[www.ecured.cu/Vitamina_E.html]
[www.ecured.cu/Mal_de_Alzheimer.html]
[www.ecured.cu/Lo_que_EcuRed_no_es.html]
[www.ecured.cu/Recursos/ecured-manual_de_usuario.pdf.html]
[www.ecured.cu/EcuRed_Manual_de_estilo.html]
[www.ecured.cu/EcuRed_Políticas.html]
[www.ecured.cu/EcuRed_Zona_de_prueba.html]
[www.ecured.cu/EcuRed_Fuentes_(Recomendaciones).html]
[www.ecured.cu/EcuRed_Fuentes_recomendadas.html]
[www.ecured.cu/EcuRed_No_justificar_textos_en_EcuRed.html]
[www.ecured.cu/EcuRed_Características_esenciales_de_las_Categorías.html]
[www.ecured.cu/EcuRed_Para_comenzar.html]
[www.ecured.cu/EcuRed_Convenciones_de_títulos.html]
[www.ecured.cu/EcuRed_Referencias.html]
[www.ecured.cu/EcuRed_Portátil.html]
[www.ecured.cu/Kiwix.html]
[www.ecured.cu/ZIM.html]
[www.ecured.cu/EcuLibros.html]
[www.ecured.cu/Ileana_Mulet.html]
[www.ecured.cu/Archivo_Una_muñeca_puede_ser_de_palo.html]
[www.ecured.cu/Archivo_Jugando_a_las_casitas_con_puntadas.html]
[www.ecured.cu/Sistema_Consejo_del_día/9.html]
[www.ecured.cu/Sistema_Consejo_del_día/11.html]
[www.ecured.cu/Portal_Convocatoria.html]
[www.ecured.cu/Archivo_CinePortales.html]
[www.ecured.cu/Portal_Cine_Cubano.html]
[www.ecured.cu/Portal_Cócteles.html]
[www.ecured.cu/Portal_Cristianismo.html]
[www.ecured.cu/Portal_Danza.html]
[www.ecured.cu/Portal_Literatura.html]
[www.ecured.cu/Portal_Música.html]
[www.ecured.cu/Portal_Símbolos_de_la_Nación_Cubana.html]
[www.ecured.cu/Portal_Yoruba.html]
[www.ecured.cu/Archivo_Ciencia_2.html]
[www.ecured.cu/Portal_Ciencia.html]
[www.ecured.cu/Portal_Colores.html]
[www.ecured.cu/Portal_Diseño_y_Animación_3D.html]
